=== EG-PTGP ablation ===
  dataset=mnist n_train=5000 n_test=2000 hidden=[128] act=tanh
  H_mem=0.5 tau=0.1 kappa=0.1 zeta=0.0 policy=pair k=8 max_constraints=256 grad_chunk=64 warmup=5 line_search=backtracking

[data] Loaded mnist via tensorflow.keras.
  model parameters: 101770

--- ERM ---
  [ERM        ] it=  10 f=0.3977 |M|/N=0.778 acc(tr/te)=0.8786/0.8890 churn=0.0550 ece=0.0249 H=0.410 t=1 (2.9s)
  [ERM        ] it=  20 f=0.1991 |M|/N=0.908 acc(tr/te)=0.9468/0.9245 churn=0.0155 ece=0.0139 H=0.190 t=2 (3.1s)
  [ERM        ] it=  30 f=0.0667 |M|/N=0.984 acc(tr/te)=0.9938/0.9350 churn=0.0075 ece=0.0307 H=0.073 t=1 (3.3s)
  [ERM        ] it=  40 f=0.0374 |M|/N=0.999 acc(tr/te)=1.0000/0.9375 churn=0.0045 ece=0.0290 H=0.036 t=1 (3.4s)
  [ERM        ] it=  50 f=0.0275 |M|/N=1.000 acc(tr/te)=1.0000/0.9455 churn=0.0100 ece=0.0240 H=0.024 t=1 (3.6s)
  [ERM        ] it=  60 f=0.0237 |M|/N=1.000 acc(tr/te)=1.0000/0.9485 churn=0.0045 ece=0.0248 H=0.021 t=1 (3.7s)
  [ERM        ] it=  70 f=0.0212 |M|/N=1.000 acc(tr/te)=1.0000/0.9480 churn=0.0050 ece=0.0235 H=0.021 t=1 (3.9s)
  [ERM        ] it=  80 f=0.0201 |M|/N=1.000 acc(tr/te)=1.0000/0.9495 churn=0.0010 ece=0.0246 H=0.020 t=1 (4.1s)
  [ERM        ] it=  90 f=0.0194 |M|/N=1.000 acc(tr/te)=1.0000/0.9490 churn=0.0000 ece=0.0230 H=0.020 t=1 (4.2s)
  [ERM        ] it= 100 f=0.0190 |M|/N=1.000 acc(tr/te)=1.0000/0.9490 churn=0.0015 ece=0.0207 H=0.020 t=1 (4.4s)
  [ERM        ] it= 110 f=0.0188 |M|/N=1.000 acc(tr/te)=1.0000/0.9495 churn=0.0010 ece=0.0228 H=0.020 t=1 (4.6s)
  [ERM        ] it= 120 f=0.0186 |M|/N=1.000 acc(tr/te)=1.0000/0.9485 churn=0.0000 ece=0.0229 H=0.019 t=1 (4.7s)
  [ERM        ] it= 130 f=0.0185 |M|/N=1.000 acc(tr/te)=1.0000/0.9480 churn=0.0005 ece=0.0238 H=0.019 t=2 (4.9s)
  [ERM        ] it= 140 f=0.0183 |M|/N=1.000 acc(tr/te)=1.0000/0.9490 churn=0.0030 ece=0.0225 H=0.018 t=1 (5.1s)
  [ERM        ] it= 150 f=0.0182 |M|/N=1.000 acc(tr/te)=1.0000/0.9490 churn=0.0000 ece=0.0217 H=0.019 t=1 (5.2s)
  [ERM        ] it= 160 f=0.0181 |M|/N=1.000 acc(tr/te)=1.0000/0.9505 churn=0.0010 ece=0.0214 H=0.018 t=1 (5.4s)
  [ERM        ] it= 170 f=0.0180 |M|/N=1.000 acc(tr/te)=1.0000/0.9510 churn=0.0010 ece=0.0197 H=0.018 t=0.5 (5.6s)
  [ERM        ] it= 180 f=0.0179 |M|/N=1.000 acc(tr/te)=1.0000/0.9520 churn=0.0005 ece=0.0197 H=0.018 t=1 (5.7s)
  [ERM        ] it= 190 f=0.0178 |M|/N=1.000 acc(tr/te)=1.0000/0.9485 churn=0.0010 ece=0.0226 H=0.018 t=1 (5.9s)
  [ERM        ] it= 200 f=0.0178 |M|/N=1.000 acc(tr/te)=1.0000/0.9495 churn=0.0010 ece=0.0230 H=0.018 t=1 (6.1s)
  [ERM        ] it= 210 f=0.0178 |M|/N=1.000 acc(tr/te)=1.0000/0.9520 churn=0.0005 ece=0.0214 H=0.018 t=1 (6.2s)
  [ERM        ] it= 220 f=0.0177 |M|/N=1.000 acc(tr/te)=1.0000/0.9510 churn=0.0005 ece=0.0219 H=0.018 t=1 (6.4s)
  [ERM        ] it= 230 f=0.0177 |M|/N=1.000 acc(tr/te)=1.0000/0.9515 churn=0.0005 ece=0.0188 H=0.018 t=1 (6.6s)
  [ERM        ] it= 240 f=0.0177 |M|/N=1.000 acc(tr/te)=1.0000/0.9515 churn=0.0010 ece=0.0197 H=0.018 t=1 (6.7s)
  [ERM        ] it= 250 f=0.0177 |M|/N=1.000 acc(tr/te)=1.0000/0.9520 churn=0.0000 ece=0.0189 H=0.018 t=1 (6.9s)
  [ERM        ] it= 260 f=0.0176 |M|/N=1.000 acc(tr/te)=1.0000/0.9525 churn=0.0000 ece=0.0174 H=0.018 t=1 (7.1s)
  [ERM        ] it= 270 f=0.0176 |M|/N=1.000 acc(tr/te)=1.0000/0.9525 churn=0.0000 ece=0.0176 H=0.018 t=1 (7.2s)
  [ERM        ] it= 280 f=0.0176 |M|/N=1.000 acc(tr/te)=1.0000/0.9520 churn=0.0000 ece=0.0181 H=0.018 t=1 (7.4s)
  [ERM        ] it= 290 f=0.0176 |M|/N=1.000 acc(tr/te)=1.0000/0.9520 churn=0.0000 ece=0.0186 H=0.018 t=1 (7.6s)
  [ERM        ] it= 300 f=0.0176 |M|/N=1.000 acc(tr/te)=1.0000/0.9520 churn=0.0000 ece=0.0195 H=0.018 t=1 (7.7s)
--- Gate-Obj ---
  [Gate-Obj   ] it=  10 f=0.7806 |M|/N=0.701 acc(tr/te)=0.8788/0.8910 churn=0.0410 ece=0.0772 H=0.576 t=0.5 (3.1s)
  [Gate-Obj   ] it=  20 f=0.7451 |M|/N=0.838 acc(tr/te)=0.9296/0.9170 churn=0.0105 ece=0.0330 H=0.356 t=0.5 (3.3s)
  [Gate-Obj   ] it=  30 f=0.6062 |M|/N=0.947 acc(tr/te)=0.9760/0.9315 churn=0.0100 ece=0.0086 H=0.166 t=1 (3.4s)
  [Gate-Obj   ] it=  40 f=0.2007 |M|/N=1.000 acc(tr/te)=0.9996/0.9240 churn=0.0085 ece=0.0478 H=0.029 t=1 (3.6s)
  [Gate-Obj   ] it=  50 f=0.0714 |M|/N=1.000 acc(tr/te)=1.0000/0.9360 churn=0.0065 ece=0.0364 H=0.026 t=1 (3.8s)
  [Gate-Obj   ] it=  60 f=0.0453 |M|/N=1.000 acc(tr/te)=1.0000/0.9390 churn=0.0040 ece=0.0329 H=0.021 t=1 (3.9s)
  [Gate-Obj   ] it=  70 f=0.0345 |M|/N=1.000 acc(tr/te)=1.0000/0.9435 churn=0.0030 ece=0.0267 H=0.018 t=1 (4.1s)
  [Gate-Obj   ] it=  80 f=0.0288 |M|/N=1.000 acc(tr/te)=1.0000/0.9465 churn=0.0010 ece=0.0247 H=0.016 t=1 (4.3s)
  [Gate-Obj   ] it=  90 f=0.0255 |M|/N=1.000 acc(tr/te)=1.0000/0.9460 churn=0.0040 ece=0.0255 H=0.015 t=1 (4.4s)
  [Gate-Obj   ] it= 100 f=0.0232 |M|/N=1.000 acc(tr/te)=1.0000/0.9485 churn=0.0030 ece=0.0266 H=0.015 t=1 (4.6s)
  [Gate-Obj   ] it= 110 f=0.0216 |M|/N=1.000 acc(tr/te)=1.0000/0.9485 churn=0.0005 ece=0.0225 H=0.015 t=1 (4.8s)
  [Gate-Obj   ] it= 120 f=0.0209 |M|/N=1.000 acc(tr/te)=1.0000/0.9495 churn=0.0010 ece=0.0239 H=0.015 t=1 (4.9s)
  [Gate-Obj   ] it= 130 f=0.0205 |M|/N=1.000 acc(tr/te)=1.0000/0.9490 churn=0.0005 ece=0.0218 H=0.015 t=1 (5.1s)
  [Gate-Obj   ] it= 140 f=0.0202 |M|/N=1.000 acc(tr/te)=1.0000/0.9500 churn=0.0005 ece=0.0215 H=0.015 t=1 (5.3s)
  [Gate-Obj   ] it= 150 f=0.0200 |M|/N=1.000 acc(tr/te)=1.0000/0.9515 churn=0.0005 ece=0.0213 H=0.014 t=1 (5.4s)
  [Gate-Obj   ] it= 160 f=0.0198 |M|/N=1.000 acc(tr/te)=1.0000/0.9510 churn=0.0010 ece=0.0222 H=0.014 t=1 (5.6s)
  [Gate-Obj   ] it= 170 f=0.0196 |M|/N=1.000 acc(tr/te)=1.0000/0.9520 churn=0.0005 ece=0.0202 H=0.014 t=1 (5.8s)
  [Gate-Obj   ] it= 180 f=0.0195 |M|/N=1.000 acc(tr/te)=1.0000/0.9525 churn=0.0015 ece=0.0225 H=0.014 t=0.5 (5.9s)
  [Gate-Obj   ] it= 190 f=0.0194 |M|/N=1.000 acc(tr/te)=1.0000/0.9520 churn=0.0005 ece=0.0207 H=0.014 t=1 (6.1s)
  [Gate-Obj   ] it= 200 f=0.0193 |M|/N=1.000 acc(tr/te)=1.0000/0.9520 churn=0.0000 ece=0.0232 H=0.014 t=0.5 (6.3s)
  [Gate-Obj   ] it= 210 f=0.0192 |M|/N=1.000 acc(tr/te)=1.0000/0.9520 churn=0.0000 ece=0.0214 H=0.014 t=1 (6.4s)
  [Gate-Obj   ] it= 220 f=0.0191 |M|/N=1.000 acc(tr/te)=1.0000/0.9520 churn=0.0000 ece=0.0214 H=0.014 t=1 (6.6s)
  [Gate-Obj   ] it= 230 f=0.0191 |M|/N=1.000 acc(tr/te)=1.0000/0.9510 churn=0.0005 ece=0.0194 H=0.014 t=1 (6.8s)
  [Gate-Obj   ] it= 240 f=0.0190 |M|/N=1.000 acc(tr/te)=1.0000/0.9515 churn=0.0000 ece=0.0195 H=0.014 t=1 (6.9s)
  [Gate-Obj   ] it= 250 f=0.0190 |M|/N=1.000 acc(tr/te)=1.0000/0.9520 churn=0.0000 ece=0.0180 H=0.014 t=0.5 (7.1s)
  [Gate-Obj   ] it= 260 f=0.0190 |M|/N=1.000 acc(tr/te)=1.0000/0.9520 churn=0.0000 ece=0.0190 H=0.014 t=0.25 (7.3s)
  [Gate-Obj   ] it= 270 f=0.0189 |M|/N=1.000 acc(tr/te)=1.0000/0.9520 churn=0.0000 ece=0.0195 H=0.014 t=0.125 (7.4s)
  [Gate-Obj   ] it= 280 f=0.0189 |M|/N=1.000 acc(tr/te)=1.0000/0.9520 churn=0.0000 ece=0.0189 H=0.014 t=1 (7.6s)
  [Gate-Obj   ] it= 290 f=0.0189 |M|/N=1.000 acc(tr/te)=1.0000/0.9530 churn=0.0000 ece=0.0173 H=0.014 t=0.125 (7.8s)
  [Gate-Obj   ] it= 300 f=0.0189 |M|/N=1.000 acc(tr/te)=1.0000/0.9530 churn=0.0005 ece=0.0184 H=0.014 t=0.25 (7.9s)
--- Region-Only ---
  [Region-Only] it=  10 f=0.3799 |M|/N=0.799 acc(tr/te)=0.8842/0.8910 churn=0.0505 ece=0.0215 H=0.371 t=1 (8.1s)
  [Region-Only] it=  20 f=0.1778 |M|/N=0.916 acc(tr/te)=0.9524/0.9220 churn=0.0185 ece=0.0165 H=0.180 t=1 (9.3s)
  [Region-Only] it=  30 f=0.0604 |M|/N=0.988 acc(tr/te)=0.9954/0.9370 churn=0.0110 ece=0.0325 H=0.056 t=1 (10.5s)
  [Region-Only] it=  40 f=0.0346 |M|/N=1.000 acc(tr/te)=1.0000/0.9425 churn=0.0045 ece=0.0290 H=0.032 t=1 (11.6s)
  [Region-Only] it=  50 f=0.0268 |M|/N=1.000 acc(tr/te)=1.0000/0.9440 churn=0.0030 ece=0.0275 H=0.022 t=1 (12.8s)
  [Region-Only] it=  60 f=0.0238 |M|/N=1.000 acc(tr/te)=1.0000/0.9460 churn=0.0065 ece=0.0270 H=0.020 t=1 (14.0s)
  [Region-Only] it=  70 f=0.0221 |M|/N=1.000 acc(tr/te)=1.0000/0.9505 churn=0.0015 ece=0.0268 H=0.019 t=1 (15.3s)
  [Region-Only] it=  80 f=0.0212 |M|/N=1.000 acc(tr/te)=1.0000/0.9485 churn=0.0020 ece=0.0243 H=0.020 t=1 (16.6s)
  [Region-Only] it=  90 f=0.0206 |M|/N=1.000 acc(tr/te)=1.0000/0.9470 churn=0.0005 ece=0.0243 H=0.020 t=1 (17.8s)
  [Region-Only] it= 100 f=0.0202 |M|/N=1.000 acc(tr/te)=1.0000/0.9495 churn=0.0030 ece=0.0227 H=0.019 t=0.5 (19.0s)
  [Region-Only] it= 110 f=0.0198 |M|/N=1.000 acc(tr/te)=1.0000/0.9505 churn=0.0015 ece=0.0233 H=0.020 t=1 (20.2s)
  [Region-Only] it= 120 f=0.0194 |M|/N=1.000 acc(tr/te)=1.0000/0.9505 churn=0.0020 ece=0.0219 H=0.019 t=1 (21.3s)
  [Region-Only] it= 130 f=0.0191 |M|/N=1.000 acc(tr/te)=1.0000/0.9505 churn=0.0005 ece=0.0194 H=0.020 t=1 (22.5s)
  [Region-Only] it= 140 f=0.0189 |M|/N=1.000 acc(tr/te)=1.0000/0.9500 churn=0.0015 ece=0.0211 H=0.019 t=1 (23.7s)
  [Region-Only] it= 150 f=0.0188 |M|/N=1.000 acc(tr/te)=1.0000/0.9495 churn=0.0000 ece=0.0208 H=0.019 t=1 (24.9s)
  [Region-Only] it= 160 f=0.0186 |M|/N=1.000 acc(tr/te)=1.0000/0.9480 churn=0.0005 ece=0.0214 H=0.019 t=1 (26.1s)
  [Region-Only] it= 170 f=0.0184 |M|/N=1.000 acc(tr/te)=1.0000/0.9495 churn=0.0010 ece=0.0238 H=0.018 t=1 (27.3s)
  [Region-Only] it= 180 f=0.0184 |M|/N=1.000 acc(tr/te)=1.0000/0.9495 churn=0.0000 ece=0.0201 H=0.018 t=1 (28.4s)
  [Region-Only] it= 190 f=0.0183 |M|/N=1.000 acc(tr/te)=1.0000/0.9490 churn=0.0005 ece=0.0198 H=0.019 t=1 (29.6s)
  [Region-Only] it= 200 f=0.0183 |M|/N=1.000 acc(tr/te)=1.0000/0.9510 churn=0.0010 ece=0.0206 H=0.019 t=1 (30.8s)
  [Region-Only] it= 210 f=0.0181 |M|/N=1.000 acc(tr/te)=1.0000/0.9500 churn=0.0015 ece=0.0194 H=0.018 t=1 (31.9s)
  [Region-Only] it= 220 f=0.0181 |M|/N=1.000 acc(tr/te)=1.0000/0.9515 churn=0.0005 ece=0.0176 H=0.018 t=1 (33.1s)
  [Region-Only] it= 230 f=0.0180 |M|/N=1.000 acc(tr/te)=1.0000/0.9515 churn=0.0005 ece=0.0208 H=0.019 t=1 (34.2s)
  [Region-Only] it= 240 f=0.0179 |M|/N=1.000 acc(tr/te)=1.0000/0.9520 churn=0.0005 ece=0.0183 H=0.018 t=1 (35.4s)
  [Region-Only] it= 250 f=0.0179 |M|/N=1.000 acc(tr/te)=1.0000/0.9535 churn=0.0005 ece=0.0185 H=0.018 t=1 (36.5s)
  [Region-Only] it= 260 f=0.0178 |M|/N=1.000 acc(tr/te)=1.0000/0.9535 churn=0.0005 ece=0.0181 H=0.018 t=1 (37.7s)
  [Region-Only] it= 270 f=0.0178 |M|/N=1.000 acc(tr/te)=1.0000/0.9525 churn=0.0005 ece=0.0178 H=0.018 t=1 (38.9s)
  [Region-Only] it= 280 f=0.0177 |M|/N=1.000 acc(tr/te)=1.0000/0.9530 churn=0.0010 ece=0.0184 H=0.018 t=1 (40.0s)
  [Region-Only] it= 290 f=0.0177 |M|/N=1.000 acc(tr/te)=1.0000/0.9535 churn=0.0005 ece=0.0175 H=0.018 t=1 (41.2s)
  [Region-Only] it= 300 f=0.0177 |M|/N=1.000 acc(tr/te)=1.0000/0.9530 churn=0.0005 ece=0.0168 H=0.018 t=1 (42.4s)
--- EG-PTGP ---
  [EG-PTGP    ] it=  10 f=0.7717 |M|/N=0.676 acc(tr/te)=0.8750/0.8865 churn=0.0495 ece=0.0823 H=0.608 t=0.5 (8.5s)
  [EG-PTGP    ] it=  20 f=0.7371 |M|/N=0.858 acc(tr/te)=0.9390/0.9215 churn=0.0105 ece=0.0273 H=0.321 t=0.5 (9.9s)
  [EG-PTGP    ] it=  30 f=0.5440 |M|/N=0.974 acc(tr/te)=0.9874/0.9245 churn=0.0075 ece=0.0299 H=0.102 t=1 (11.0s)
  [EG-PTGP    ] it=  40 f=0.1213 |M|/N=1.000 acc(tr/te)=1.0000/0.9310 churn=0.0055 ece=0.0413 H=0.022 t=1 (12.2s)
  [EG-PTGP    ] it=  50 f=0.0660 |M|/N=1.000 acc(tr/te)=1.0000/0.9310 churn=0.0030 ece=0.0441 H=0.019 t=1 (13.3s)
  [EG-PTGP    ] it=  60 f=0.0475 |M|/N=1.000 acc(tr/te)=1.0000/0.9355 churn=0.0060 ece=0.0399 H=0.019 t=1 (14.5s)
  [EG-PTGP    ] it=  70 f=0.0359 |M|/N=1.000 acc(tr/te)=1.0000/0.9410 churn=0.0035 ece=0.0318 H=0.016 t=1 (15.6s)
  [EG-PTGP    ] it=  80 f=0.0313 |M|/N=1.000 acc(tr/te)=1.0000/0.9445 churn=0.0025 ece=0.0317 H=0.015 t=1 (16.8s)
  [EG-PTGP    ] it=  90 f=0.0286 |M|/N=1.000 acc(tr/te)=1.0000/0.9460 churn=0.0035 ece=0.0283 H=0.014 t=1 (18.0s)
  [EG-PTGP    ] it= 100 f=0.0267 |M|/N=1.000 acc(tr/te)=1.0000/0.9455 churn=0.0010 ece=0.0293 H=0.014 t=1 (19.1s)
  [EG-PTGP    ] it= 110 f=0.0252 |M|/N=1.000 acc(tr/te)=1.0000/0.9480 churn=0.0040 ece=0.0254 H=0.014 t=1 (20.3s)
  [EG-PTGP    ] it= 120 f=0.0244 |M|/N=1.000 acc(tr/te)=1.0000/0.9435 churn=0.0030 ece=0.0296 H=0.014 t=1 (21.5s)
  [EG-PTGP    ] it= 130 f=0.0237 |M|/N=1.000 acc(tr/te)=1.0000/0.9455 churn=0.0005 ece=0.0275 H=0.015 t=0.25 (22.7s)
  [EG-PTGP    ] it= 140 f=0.0228 |M|/N=1.000 acc(tr/te)=1.0000/0.9460 churn=0.0020 ece=0.0276 H=0.014 t=1 (23.8s)
  [EG-PTGP    ] it= 150 f=0.0223 |M|/N=1.000 acc(tr/te)=1.0000/0.9465 churn=0.0005 ece=0.0262 H=0.014 t=0.5 (25.1s)
  [EG-PTGP    ] it= 160 f=0.0216 |M|/N=1.000 acc(tr/te)=1.0000/0.9460 churn=0.0005 ece=0.0253 H=0.014 t=1 (26.3s)
  [EG-PTGP    ] it= 170 f=0.0211 |M|/N=1.000 acc(tr/te)=1.0000/0.9485 churn=0.0010 ece=0.0254 H=0.013 t=1 (27.4s)
  [EG-PTGP    ] it= 180 f=0.0207 |M|/N=1.000 acc(tr/te)=1.0000/0.9485 churn=0.0010 ece=0.0238 H=0.013 t=0.5 (28.7s)
  [EG-PTGP    ] it= 190 f=0.0206 |M|/N=1.000 acc(tr/te)=1.0000/0.9470 churn=0.0000 ece=0.0238 H=0.014 t=0.5 (29.9s)
  [EG-PTGP    ] it= 200 f=0.0205 |M|/N=1.000 acc(tr/te)=1.0000/0.9485 churn=0.0005 ece=0.0235 H=0.014 t=0.5 (31.1s)
  [EG-PTGP    ] it= 210 f=0.0203 |M|/N=1.000 acc(tr/te)=1.0000/0.9500 churn=0.0005 ece=0.0236 H=0.014 t=0.5 (32.4s)
  [EG-PTGP    ] it= 220 f=0.0202 |M|/N=1.000 acc(tr/te)=1.0000/0.9490 churn=0.0005 ece=0.0216 H=0.014 t=0.25 (33.7s)
  [EG-PTGP    ] it= 230 f=0.0201 |M|/N=1.000 acc(tr/te)=1.0000/0.9500 churn=0.0000 ece=0.0212 H=0.014 t=0.25 (35.1s)
  [EG-PTGP    ] it= 240 f=0.0199 |M|/N=1.000 acc(tr/te)=1.0000/0.9500 churn=0.0000 ece=0.0228 H=0.014 t=0.5 (36.3s)
  [EG-PTGP    ] it= 250 f=0.0198 |M|/N=1.000 acc(tr/te)=1.0000/0.9505 churn=0.0000 ece=0.0232 H=0.014 t=0.5 (37.6s)
  [EG-PTGP    ] it= 260 f=0.0197 |M|/N=1.000 acc(tr/te)=1.0000/0.9510 churn=0.0005 ece=0.0230 H=0.014 t=0.5 (38.8s)
  [EG-PTGP    ] it= 270 f=0.0196 |M|/N=1.000 acc(tr/te)=1.0000/0.9520 churn=0.0000 ece=0.0216 H=0.014 t=0.5 (40.0s)
  [EG-PTGP    ] it= 280 f=0.0196 |M|/N=1.000 acc(tr/te)=1.0000/0.9515 churn=0.0000 ece=0.0192 H=0.014 t=0.5 (41.3s)
  [EG-PTGP    ] it= 290 f=0.0195 |M|/N=1.000 acc(tr/te)=1.0000/0.9525 churn=0.0005 ece=0.0207 H=0.014 t=1 (42.5s)
  [EG-PTGP    ] it= 300 f=0.0194 |M|/N=1.000 acc(tr/te)=1.0000/0.9530 churn=0.0000 ece=0.0192 H=0.014 t=0.5 (43.6s)

====================================================================================================
variant       iters  train_acc  test_acc     ECE  mean_churn   |M|/N      H  time(s)
----------------------------------------------------------------------------------------------------
ERM             300     1.0000    0.9520  0.0195     0.01195   1.000  0.018      7.7
Gate-Obj        300     1.0000    0.9530  0.0184     0.01035   1.000  0.014      7.9
Region-Only     300     1.0000    0.9530  0.0168     0.01141   1.000  0.018     42.4
EG-PTGP         300     1.0000    0.9530  0.0192     0.01016   1.000  0.014     43.6
====================================================================================================

H1: EG-PTGP mean_churn should be ≥30% below ERM at matched accuracy.
H2: EG-PTGP ECE should be below ERM; compare with Gate-Obj to isolate the hinge.
H8: watch |M|/N -> 1 with the loss stalling: that is the dead zone.
